Microchip MPLAB XC8 Compiler V1.36 ()

Linker command line:

--edf=/opt/microchip/xc8/v1.36/dat/en_msgs.txt -cs -h+pic18F4580.sym \
  --cmf=pic18F4580.cmf -z -Q18F4580 -o/tmp/xcXrhApgQ -Mpic18F4580.map \
  -ver=XC8 -ASTACK=060h-05ffh -pstack=STACK -ACODE=00h-03000h \
  -ACONST=00h-03000h -ASMALLCONST=0600h-06FFhx42,03000h-03000h \
  -AMEDIUMCONST=0600h-03000h -ACOMRAM=01h-05Fh -AABS1=00h-05FFh \
  -ABIGRAM=01h-05FFh -ARAM=060h-0FFh,0100h-01FFhx5 -ABANK0=060h-0FFh \
  -ABANK1=0100h-01FFh -ABANK2=0200h-02FFh -ABANK3=0300h-03FFh \
  -ABANK4=0400h-04FFh -ABANK5=0500h-05FFh \
  -ASFR=0D00h-0DFFhx2,0F00h-0F5Fh,0F60h-0FFFh \
  -preset_vec=00h,intcode=08h,intcodelo,powerup,init,end_init \
  -pramtop=0600h -psmallconst=SMALLCONST -pmediumconst=MEDIUMCONST \
  -pconst=CONST -AFARRAM=00h-00h -ACONFIG=0300000h-030000Dh -pconfig=CONFIG \
  -AIDLOC=0200000h-0200007h -pidloc=IDLOC -AEEDATA=0F00000h-0F000FFh \
  -peeprom_data=EEDATA \
  -prdata=COMRAM,nvrram=COMRAM,nvbit=COMRAM,rbss=COMRAM,rbit=COMRAM \
  -pfarbss=FARRAM,fardata=FARRAM,nvFARRAM=FARRAM \
  -pintsave_regs=BIGRAM,bigbss=BIGRAM,bigdata=BIGRAM -pbss=RAM \
  -pidata=CODE,irdata=CODE,ibigdata=CODE,ifardata=CODE -prparam=COMRAM \
  startup.obj pic18F4580.obj 

Object code version is 3.11

Machine type is 18F4580

Call graph: (short form)




                Name                               Link     Load   Length Selector   Space Scale
startup.obj     end_init                             16       16        4        4       0
                reset_vec                             0        0        4        0       0
pic18F4580.obj  intcode                               8        8        E        4       0
                temp                                 38       38        1        1       1
                intcode_body                        1D6      1D6      108        4       0
                text7                               2DE      2DE       84        4       0
                text6                               362      362       70        4       0
                text5                               3D2      3D2       58        4       0
                text4                               4D4      4D4       12        4       0
                text3                               4A0      4A0       1C        4       0
                text2                               4BC      4BC       18        4       0
                text1                               42A      42A       3C        4       0
                text0                                1A       1A      1BC        4       0
                cstackCOMRAM                          1        1       16        1       1
                dataCOMRAM                           2A       2A        D        1       1
                bssCOMRAM                            17       17       13        1       1
                cinit                               466      466       3A        4       0
                nvCOMRAM                             37       37        1        1       1
                idataCOMRAM                         4E6      4E6        D        4       0

TOTAL           Name                               Link     Load   Length     Space
        CLASS   STACK          

        CLASS   CODE           
                end_init                             16       16        4         0
                intcode                               8        8        E         0
                reset_vec                             0        0        4         0
                intcode_body                        1D6      1D6      108         0
                text7                               2DE      2DE       84         0
                text6                               362      362       70         0
                text5                               3D2      3D2       58         0
                text4                               4D4      4D4       12         0
                text3                               4A0      4A0       1C         0
                text2                               4BC      4BC       18         0
                text1                               42A      42A       3C         0
                text0                                1A       1A      1BC         0
                cinit                               466      466       3A         0
                idataCOMRAM                         4E6      4E6        D         0

        CLASS   CONST          

        CLASS   SMALLCONST     

        CLASS   MEDIUMCONST    

        CLASS   COMRAM         
                temp                                 38       38        1         1
                cstackCOMRAM                          1        1       16         1
                dataCOMRAM                           2A       2A        D         1
                bssCOMRAM                            17       17       13         1
                nvCOMRAM                             37       37        1         1

        CLASS   ABS1           

        CLASS   BIGRAM         

        CLASS   RAM            

        CLASS   BANK0          

        CLASS   BANK1          

        CLASS   BANK2          

        CLASS   BANK3          

        CLASS   BANK4          

        CLASS   BANK5          

        CLASS   SFR            

        CLASS   FARRAM         

        CLASS   CONFIG         

        CLASS   IDLOC          

        CLASS   EEDATA         



SEGMENTS        Name                           Load    Length   Top    Selector   Space  Class

                reset_vec                      000000  000004  000004         0       0  CODE    
                cstackCOMRAM                   000001  000038  000039         1       1  COMRAM  
                intcode                        000008  0004EB  0004F3         4       0  CODE    


UNUSED ADDRESS RANGES

        Name                Unused          Largest block    Delta
        BANK0            0060-00FF             A0
        BANK1            0100-01FF            100
        BANK2            0200-02FF            100
        BANK3            0300-03FF            100
        BANK4            0400-04FF            100
        BANK5            0500-05FF            100
        BIGRAM           0039-05FF            5C7
        CODE             0004-0007              4
                         04F3-3000           2B0E
        COMRAM           0039-005F             27
        CONFIG           300000-30000D              E
        CONST            0004-0007              4
                         04F3-3000           2B0E
        EEDATA           F00000-F000FF            100
        IDLOC            200000-200007              8
        MEDIUMCONST      0600-3000           2A01
        RAM              0060-05FF            100
        SFR              0D00-0FFF            100
        SMALLCONST       0600-3000            100
        STACK            0060-05FF            5A0

                                  Symbol Table

?___awdiv                          cstackCOMRAM 000F
?___awmod                          cstackCOMRAM 000F
_ACKDT                             (abs)        7E2D
_ACKEN                             (abs)        7E2C
_ACKSTAT                           (abs)        7E2E
_ADCON1                            (abs)        0FC1
_BCLIF                             (abs)        7D0B
_CKE                               (abs)        7E3E
_INTCONbits                        (abs)        0FF2
_PEIE                              (abs)        7F96
_PEN                               (abs)        7E2A
_PORTA                             (abs)        0F80
_PORTB                             (abs)        0F81
_PORTC                             (abs)        0F82
_PORTD                             (abs)        0F83
_PSA                               (abs)        7EAB
_RCEN                              (abs)        7E2B
_RSEN                              (abs)        7E29
_SEN                               (abs)        7E28
_SMP                               (abs)        7E3F
_SSPADD                            (abs)        0FC8
_SSPBUF                            (abs)        0FC9
_SSPCON1                           (abs)        0FC6
_SSPIF                             (abs)        7CF3
_T0CS                              (abs)        7EAD
_T0PS0                             (abs)        7EA8
_T0PS1                             (abs)        7EA9
_T0PS2                             (abs)        7EAA
_TMR0                              (abs)        0FD6
_TMR0IE                            (abs)        7F95
_TMR0IF                            (abs)        7F92
_TMR0ON                            (abs)        7EAF
_TRISA                             (abs)        0F92
_TRISB                             (abs)        0F93
_TRISC                             (abs)        0F94
_TRISC3                            (abs)        7CA3
_TRISC4                            (abs)        7CA4
_TRISD                             (abs)        0F95
__HRAM                             (abs)        0000
__Habs1                            abs1         0000
__Hbank0                           bank0        0000
__Hbank1                           bank1        0000
__Hbank2                           bank2        0000
__Hbank3                           bank3        0000
__Hbank4                           bank4        0000
__Hbank5                           bank5        0000
__Hbigbss                          bigbss       0000
__Hbigdata                         bigdata      0000
__Hbigram                          bigram       0000
__Hbss                             bss          0000
__HbssCOMRAM                       bssCOMRAM    0000
__Hcinit                           cinit        0000
__Hclrtext                         clrtext      0000
__Hcomram                          comram       0000
__Hconfig                          config       0000
__Hconst                           const        0000
__HcstackCOMRAM                    cstackCOMRAM 0000
__Hdata                            data         0000
__HdataCOMRAM                      dataCOMRAM   0000
__Heeprom_data                     eeprom_data  0000
__Hend_init                        end_init     001A
__Hfarbss                          farbss       0000
__Hfardata                         fardata      0000
__Hibigdata                        ibigdata     0000
__Hidata                           idata        0000
__HidataCOMRAM                     idataCOMRAM  0000
__Hidloc                           idloc        0000
__Hifardata                        ifardata     0000
__Hinit                            init         0016
__Hintcode                         intcode      0016
__Hintcode_body                    intcode_body 0000
__Hintcodelo                       intcodelo    0016
__Hintentry                        intentry     0000
__Hintret                          intret       0000
__Hintsave_regs                    intsave_regs 0000
__Hirdata                          irdata       0000
__Hmediumconst                     mediumconst  0000
__HnvCOMRAM                        nvCOMRAM     0000
__HnvFARRAM                        nvFARRAM     0000
__Hnvbit                           nvbit        0000
__Hnvrram                          nvrram       0000
__Hparam                           rparam       0000
__Hpowerup                         powerup      0016
__Hram                             ram          0000
__Hramtop                          ramtop       0600
__Hrbit                            rbit         0000
__Hrbss                            rbss         0000
__Hrdata                           rdata        0000
__Hreset_vec                       reset_vec    0004
__Hrparam                          rparam       0000
__Hsfr                             sfr          0000
__Hsmallconst                      smallconst   0000
__Hspace_0                         (abs)        0600
__Hspace_1                         (abs)        0039
__Hspace_2                         (abs)        0000
__Hstack                           stack        0000
__Hstruct                          struct       0000
__Htemp                            temp         0039
__Htext                            text         0000
__Htext0                           text0        0000
__Htext1                           text1        0000
__Htext2                           text2        0000
__Htext3                           text3        0000
__Htext4                           text4        0000
__Htext5                           text5        0000
__Htext6                           text6        0000
__Htext7                           text7        0000
__LRAM                             (abs)        0001
__Labs1                            abs1         0000
__Lbank0                           bank0        0000
__Lbank1                           bank1        0000
__Lbank2                           bank2        0000
__Lbank3                           bank3        0000
__Lbank4                           bank4        0000
__Lbank5                           bank5        0000
__Lbigbss                          bigbss       0000
__Lbigdata                         bigdata      0000
__Lbigram                          bigram       0000
__Lbss                             bss          0000
__LbssCOMRAM                       bssCOMRAM    0000
__Lcinit                           cinit        0000
__Lclrtext                         clrtext      0000
__Lcomram                          comram       0000
__Lconfig                          config       0000
__Lconst                           const        0000
__LcstackCOMRAM                    cstackCOMRAM 0000
__Ldata                            data         0000
__LdataCOMRAM                      dataCOMRAM   0000
__Leeprom_data                     eeprom_data  0000
__Lend_init                        end_init     0016
__Lfarbss                          farbss       0000
__Lfardata                         fardata      0000
__Libigdata                        ibigdata     0000
__Lidata                           idata        0000
__LidataCOMRAM                     idataCOMRAM  0000
__Lidloc                           idloc        0000
__Lifardata                        ifardata     0000
__Linit                            init         0016
__Lintcode                         intcode      0008
__Lintcode_body                    intcode_body 0000
__Lintcodelo                       intcodelo    0016
__Lintentry                        intentry     0000
__Lintret                          intret       0000
__Lintsave_regs                    intsave_regs 0000
__Lirdata                          irdata       0000
__Lmediumconst                     mediumconst  0000
__LnvCOMRAM                        nvCOMRAM     0000
__LnvFARRAM                        nvFARRAM     0000
__Lnvbit                           nvbit        0000
__Lnvrram                          nvrram       0000
__Lparam                           rparam       0000
__Lpowerup                         powerup      0016
__Lram                             ram          0000
__Lramtop                          ramtop       0600
__Lrbit                            rbit         0000
__Lrbss                            rbss         0000
__Lrdata                           rdata        0000
__Lreset_vec                       reset_vec    0000
__Lrparam                          rparam       0000
__Lsfr                             sfr          0000
__Lsmallconst                      smallconst   0000
__Lspace_0                         (abs)        0000
__Lspace_1                         (abs)        0000
__Lspace_2                         (abs)        0000
__Lstack                           stack        0000
__Lstruct                          struct       0000
__Ltemp                            temp         0038
__Ltext                            text         0000
__Ltext0                           text0        0000
__Ltext1                           text1        0000
__Ltext2                           text2        0000
__Ltext3                           text3        0000
__Ltext4                           text4        0000
__Ltext5                           text5        0000
__Ltext6                           text6        0000
__Ltext7                           text7        0000
__S0                               (abs)        04F3
__S1                               (abs)        0039
__S2                               (abs)        0000
___awdiv                           text7        02DE
___awdiv@counter                   cstackCOMRAM 0013
___awdiv@dividend                  cstackCOMRAM 000F
___awdiv@divisor                   cstackCOMRAM 0011
___awdiv@quotient                  cstackCOMRAM 0015
___awdiv@sign                      cstackCOMRAM 0014
___awmod                           text6        0362
___awmod@counter                   cstackCOMRAM 0013
___awmod@dividend                  cstackCOMRAM 000F
___awmod@divisor                   cstackCOMRAM 0011
___awmod@sign                      cstackCOMRAM 0014
___inthi_sp                        stack        0000
___intlo_sp                        stack        0000
___param_bank                      (abs)        0010
___rparam_used                     (abs)        0001
___sp                              stack        0000
__accesstop                        (abs)        0060
__activetblptr                     (abs)        0002
__end_of___awdiv                   text7        0362
__end_of___awmod                   text6        03D2
__end_of__initialization           cinit        0492
__end_of_display                   text5        042A
__end_of_init_config               text2        04D4
__end_of_init_ssd_control          text4        04E6
__end_of_isr                       intcode_body 02DE
__end_of_main                      text0        01D6
__end_of_read_digital_keypad       text1        0466
__end_of_timer0_config             text3        04BC
__initialization                   cinit        0466
__mediumconst                      mediumconst  0000
__pbssCOMRAM                       bssCOMRAM    0017
__pcinit                           cinit        0466
__pcstackCOMRAM                    cstackCOMRAM 0001
__pdataCOMRAM                      dataCOMRAM   002A
__pidataCOMRAM                     idataCOMRAM  04E6
__pintcode                         intcode      0008
__pintcode_body                    intcode_body 01D6
__pnvCOMRAM                        nvCOMRAM     0037
__ptext0                           text0        001A
__ptext1                           text1        042A
__ptext2                           text2        04BC
__ptext3                           text3        04A0
__ptext4                           text4        04D4
__ptext5                           text5        03D2
__ptext6                           text6        0362
__ptext7                           text7        02DE
__ramtop                           ramtop       0600
__size_of___awdiv                  (abs)        0000
__size_of___awmod                  (abs)        0000
__size_of_display                  (abs)        0000
__size_of_init_config              (abs)        0000
__size_of_init_ssd_control         (abs)        0000
__size_of_isr                      (abs)        0000
__size_of_main                     (abs)        0000
__size_of_read_digital_keypad      (abs)        0000
__size_of_timer0_config            (abs)        0000
__smallconst                       smallconst   0000
_clock                             bssCOMRAM    0024
_display                           text5        03D2
_dotMode                           bssCOMRAM    001F
_hours                             dataCOMRAM   0034
_init_config                       text2        04BC
_init_ssd_control                  text4        04D4
_isr                               intcode      0008
_key                               nvCOMRAM     0037
_main                              text0        001A
_minutes                           bssCOMRAM    0020
_read_digital_keypad               text1        042A
_seconds                           bssCOMRAM    0021
_ssd_digit                         dataCOMRAM   002A
_timer0_config                     text3        04A0
btemp                              temp         0038
display@data                       cstackCOMRAM 000F
display@digit                      cstackCOMRAM 0015
display@wait                       cstackCOMRAM 0013
end_of_initialization              cinit        0492
int$flags                          temp         0038
int_func                           intcode_body 01D6
intlevel0                          text         0000
intlevel1                          text         0000
intlevel2                          text         0000
intlevel3                          text         0000
isr@count                          bssCOMRAM    0017
isr@count2                         bssCOMRAM    001B
main@editMode                      bssCOMRAM    0022
main@feild                         dataCOMRAM   0035
main@wait                          bssCOMRAM    0023
read_digital_keypad@detection_type cstackCOMRAM 000F
read_digital_keypad@once           dataCOMRAM   0036
stackhi                            (abs)        05FF
stacklo                            (abs)        0060
start                              init         0016
start_initialization               cinit        0466


FUNCTION INFORMATION:

 *************** function _main *****************
 Defined at:
		line 24 in file "main.c"
 Parameters:    Size  Location     Type
		None
 Auto vars:     Size  Location     Type
		None
 Return value:  Size  Location     Type
                  1    wreg      void 
 Registers used:
		wreg, fsr2l, fsr2h, status,2, status,0, prodl, prodh, cstack
 Tracked objects:
		On entry : 
		On exit  : 
		Unchanged: 
 Data sizes:     COMRAM   BANK0   BANK1   BANK2   BANK3   BANK4   BANK5
      Params:         0       0       0       0       0       0       0
      Locals:         0       0       0       0       0       0       0
      Temps:          0       0       0       0       0       0       0
      Totals:         0       0       0       0       0       0       0
Total ram usage:        0 bytes
 Hardware stack levels required when called:    3
 This function calls:
		___awdiv
		___awmod
		_display
		_init_config
		_read_digital_keypad
 This function is called by:
		Startup code after reset
 This function uses a non-reentrant model


 *************** function _read_digital_keypad *****************
 Defined at:
		line 9 in file "digital_keypad.c"
 Parameters:    Size  Location     Type
  detection_ty    1    wreg     unsigned char 
 Auto vars:     Size  Location     Type
  detection_ty    1   14[COMRAM] unsigned char 
 Return value:  Size  Location     Type
                  1    wreg      unsigned char 
 Registers used:
		wreg, status,2, status,0
 Tracked objects:
		On entry : 
		On exit  : 
		Unchanged: 
 Data sizes:     COMRAM   BANK0   BANK1   BANK2   BANK3   BANK4   BANK5
      Params:         0       0       0       0       0       0       0
      Locals:         1       0       0       0       0       0       0
      Temps:          0       0       0       0       0       0       0
      Totals:         1       0       0       0       0       0       0
Total ram usage:        1 bytes
 Hardware stack levels used:    1
 Hardware stack levels required when called:    1
 This function calls:
		Nothing
 This function is called by:
		_main
 This function uses a non-reentrant model


 *************** function _init_config *****************
 Defined at:
		line 11 in file "main.c"
 Parameters:    Size  Location     Type
		None
 Auto vars:     Size  Location     Type
		None
 Return value:  Size  Location     Type
                  1    wreg      void 
 Registers used:
		wreg, status,2, status,0, cstack
 Tracked objects:
		On entry : 
		On exit  : 
		Unchanged: 
 Data sizes:     COMRAM   BANK0   BANK1   BANK2   BANK3   BANK4   BANK5
      Params:         0       0       0       0       0       0       0
      Locals:         0       0       0       0       0       0       0
      Temps:          0       0       0       0       0       0       0
      Totals:         0       0       0       0       0       0       0
Total ram usage:        0 bytes
 Hardware stack levels used:    1
 Hardware stack levels required when called:    2
 This function calls:
		_init_ssd_control
		_timer0_config
 This function is called by:
		_main
 This function uses a non-reentrant model


 *************** function _timer0_config *****************
 Defined at:
		line 4 in file "timer0_config.c"
 Parameters:    Size  Location     Type
		None
 Auto vars:     Size  Location     Type
		None
 Return value:  Size  Location     Type
                  1    wreg      void 
 Registers used:
		wreg, status,2
 Tracked objects:
		On entry : 
		On exit  : 
		Unchanged: 
 Data sizes:     COMRAM   BANK0   BANK1   BANK2   BANK3   BANK4   BANK5
      Params:         0       0       0       0       0       0       0
      Locals:         0       0       0       0       0       0       0
      Temps:          0       0       0       0       0       0       0
      Totals:         0       0       0       0       0       0       0
Total ram usage:        0 bytes
 Hardware stack levels used:    1
 Hardware stack levels required when called:    1
 This function calls:
		Nothing
 This function is called by:
		_init_config
 This function uses a non-reentrant model


 *************** function _init_ssd_control *****************
 Defined at:
		line 6 in file "ssd_display.c"
 Parameters:    Size  Location     Type
		None
 Auto vars:     Size  Location     Type
		None
 Return value:  Size  Location     Type
                  1    wreg      void 
 Registers used:
		wreg, status,2, status,0
 Tracked objects:
		On entry : 
		On exit  : 
		Unchanged: 
 Data sizes:     COMRAM   BANK0   BANK1   BANK2   BANK3   BANK4   BANK5
      Params:         0       0       0       0       0       0       0
      Locals:         0       0       0       0       0       0       0
      Temps:          0       0       0       0       0       0       0
      Totals:         0       0       0       0       0       0       0
Total ram usage:        0 bytes
 Hardware stack levels used:    1
 Hardware stack levels required when called:    1
 This function calls:
		Nothing
 This function is called by:
		_init_config
 This function uses a non-reentrant model


 *************** function _display *****************
 Defined at:
		line 18 in file "ssd_display.c"
 Parameters:    Size  Location     Type
  data            2   14[COMRAM] PTR unsigned char 
		 -> clock(6), 
 Auto vars:     Size  Location     Type
  wait            2   18[COMRAM] unsigned int 
  digit           1   20[COMRAM] unsigned char 
  data_bit        1    0        unsigned char 
 Return value:  Size  Location     Type
                  1    wreg      void 
 Registers used:
		wreg, fsr2l, fsr2h, status,2, status,0, prodl, prodh
 Tracked objects:
		On entry : 
		On exit  : 
		Unchanged: 
 Data sizes:     COMRAM   BANK0   BANK1   BANK2   BANK3   BANK4   BANK5
      Params:         2       0       0       0       0       0       0
      Locals:         3       0       0       0       0       0       0
      Temps:          2       0       0       0       0       0       0
      Totals:         7       0       0       0       0       0       0
Total ram usage:        7 bytes
 Hardware stack levels used:    1
 Hardware stack levels required when called:    1
 This function calls:
		Nothing
 This function is called by:
		_main
 This function uses a non-reentrant model


 *************** function ___awmod *****************
 Defined at:
		line 8 in file "/opt/microchip/xc8/v1.36/sources/common/awmod.c"
 Parameters:    Size  Location     Type
  dividend        2   14[COMRAM] int 
  divisor         2   16[COMRAM] int 
 Auto vars:     Size  Location     Type
  sign            1   19[COMRAM] unsigned char 
  counter         1   18[COMRAM] unsigned char 
 Return value:  Size  Location     Type
                  2   14[COMRAM] int 
 Registers used:
		wreg, status,2, status,0
 Tracked objects:
		On entry : 
		On exit  : 
		Unchanged: 
 Data sizes:     COMRAM   BANK0   BANK1   BANK2   BANK3   BANK4   BANK5
      Params:         4       0       0       0       0       0       0
      Locals:         2       0       0       0       0       0       0
      Temps:          0       0       0       0       0       0       0
      Totals:         6       0       0       0       0       0       0
Total ram usage:        6 bytes
 Hardware stack levels used:    1
 Hardware stack levels required when called:    1
 This function calls:
		Nothing
 This function is called by:
		_main
 This function uses a non-reentrant model


 *************** function ___awdiv *****************
 Defined at:
		line 8 in file "/opt/microchip/xc8/v1.36/sources/common/awdiv.c"
 Parameters:    Size  Location     Type
  dividend        2   14[COMRAM] int 
  divisor         2   16[COMRAM] int 
 Auto vars:     Size  Location     Type
  quotient        2   20[COMRAM] int 
  sign            1   19[COMRAM] unsigned char 
  counter         1   18[COMRAM] unsigned char 
 Return value:  Size  Location     Type
                  2   14[COMRAM] int 
 Registers used:
		wreg, status,2, status,0
 Tracked objects:
		On entry : 
		On exit  : 
		Unchanged: 
 Data sizes:     COMRAM   BANK0   BANK1   BANK2   BANK3   BANK4   BANK5
      Params:         4       0       0       0       0       0       0
      Locals:         4       0       0       0       0       0       0
      Temps:          0       0       0       0       0       0       0
      Totals:         8       0       0       0       0       0       0
Total ram usage:        8 bytes
 Hardware stack levels used:    1
 Hardware stack levels required when called:    1
 This function calls:
		Nothing
 This function is called by:
		_main
 This function uses a non-reentrant model


 *************** function _isr *****************
 Defined at:
		line 6 in file "timer0_ISR.c"
 Parameters:    Size  Location     Type
		None
 Auto vars:     Size  Location     Type
		None
 Return value:  Size  Location     Type
                  1    wreg      void 
 Registers used:
		wreg, status,2, status,0
 Tracked objects:
		On entry : 
		On exit  : 
		Unchanged: 
 Data sizes:     COMRAM   BANK0   BANK1   BANK2   BANK3   BANK4   BANK5
      Params:         0       0       0       0       0       0       0
      Locals:         0       0       0       0       0       0       0
      Temps:         14       0       0       0       0       0       0
      Totals:        14       0       0       0       0       0       0
Total ram usage:       14 bytes
 Hardware stack levels used:    1
 This function calls:
		Nothing
 This function is called by:
		Interrupt level 2
 This function uses a non-reentrant model



MODULE INFORMATION

Module		Function		Class		Link	Load	Size
digital_keypad.c
		_read_digital_keypad		CODE           	042A	0000	61

digital_keypad.c estimated size: 61

timer0_ISR.c
		_isr           		CODE           	0008	0000	279

timer0_ISR.c estimated size: 279

/opt/microchip/xc8/v1.36/sources/common/awdiv.c
		___awdiv       		CODE           	02DE	0000	133

/opt/microchip/xc8/v1.36/sources/common/awdiv.c estimated size: 133

ssd_display.c
		_display       		CODE           	03D2	0000	89
		_init_ssd_control		CODE           	04D4	0000	19

ssd_display.c estimated size: 108

shared
		__initialization		CODE           	0466	0000	45

shared estimated size: 45

/opt/microchip/xc8/v1.36/sources/common/awmod.c
		___awmod       		CODE           	0362	0000	113

/opt/microchip/xc8/v1.36/sources/common/awmod.c estimated size: 113

main.c
		_main          		CODE           	001A	0000	445
		_init_config   		CODE           	04BC	0000	25

main.c estimated size: 470

timer0_config.c
		_timer0_config 		CODE           	04A0	0000	29

timer0_config.c estimated size: 29

