Microchip MPLAB XC8 Compiler V1.36 ()

Linker command line:

--edf=/opt/microchip/xc8/v1.36/dat/en_msgs.txt -cs -h+pic18F452.sym \
  --cmf=pic18F452.cmf -z -Q18F452 -o/tmp/xcXr5BgmE -Mpic18F452.map -ver=XC8 \
  -ASTACK=080h-05ffh -pstack=STACK -ACODE=00h-03000h -ACONST=00h-03000h \
  -ASMALLCONST=0600h-06FFhx42,03000h-03000h -AMEDIUMCONST=0600h-03000h \
  -ACOMRAM=01h-07Fh -AABS1=00h-05FFh -ABIGRAM=01h-05FFh \
  -ARAM=080h-0FFh,0100h-01FFhx5 -ABANK0=080h-0FFh -ABANK1=0100h-01FFh \
  -ABANK2=0200h-02FFh -ABANK3=0300h-03FFh -ABANK4=0400h-04FFh \
  -ABANK5=0500h-05FFh -ASFR=0F80h-0FFFh \
  -preset_vec=00h,intcode=08h,intcodelo,powerup,init,end_init \
  -pramtop=0600h -psmallconst=SMALLCONST -pmediumconst=MEDIUMCONST \
  -pconst=CONST -AFARRAM=00h-00h -ACONFIG=0300000h-030000Dh -pconfig=CONFIG \
  -AIDLOC=0200000h-0200007h -pidloc=IDLOC -AEEDATA=0F00000h-0F000FFh \
  -peeprom_data=EEDATA \
  -prdata=COMRAM,nvrram=COMRAM,nvbit=COMRAM,rbss=COMRAM,rbit=COMRAM \
  -pfarbss=FARRAM,fardata=FARRAM,nvFARRAM=FARRAM \
  -pintsave_regs=BIGRAM,bigbss=BIGRAM,bigdata=BIGRAM -pbss=RAM \
  -pidata=CODE,irdata=CODE,ibigdata=CODE,ifardata=CODE -prparam=COMRAM \
  startup.obj pic18F452.obj 

Object code version is 3.11

Machine type is 18F452

Call graph: (short form)




                Name                               Link     Load   Length Selector   Space Scale
startup.obj     end_init                             98       98        4        4       0
                text                                 CE       CE        2        4       0
                reset_vec                             0        0        6        0       0
pic18F452.obj   intcode                               8        8       90        4       0
                temp                                 17       17        1        1       1
                text0                                9C       9C       1C        4       0
                cstackCOMRAM                          1        1        E        1       1
                bssCOMRAM                             F        F        8        1       1
                cinit                                B8       B8       16        4       0

TOTAL           Name                               Link     Load   Length     Space
        CLASS   STACK          

        CLASS   CODE           
                end_init                             98       98        4         0
                text                                 CE       CE        2         0
                intcode                               8        8       90         0
                reset_vec                             0        0        6         0
                text0                                9C       9C       1C         0
                cinit                                B8       B8       16         0

        CLASS   CONST          

        CLASS   SMALLCONST     

        CLASS   MEDIUMCONST    

        CLASS   COMRAM         
                temp                                 17       17        1         1
                cstackCOMRAM                          1        1        E         1
                bssCOMRAM                             F        F        8         1

        CLASS   ABS1           

        CLASS   BIGRAM         

        CLASS   RAM            

        CLASS   BANK0          

        CLASS   BANK1          

        CLASS   BANK2          

        CLASS   BANK3          

        CLASS   BANK4          

        CLASS   BANK5          

        CLASS   SFR            

        CLASS   FARRAM         

        CLASS   CONFIG         

        CLASS   IDLOC          

        CLASS   EEDATA         



SEGMENTS        Name                           Load    Length   Top    Selector   Space  Class

                reset_vec                      000000  000006  000006         0       0  CODE    
                cstackCOMRAM                   000001  000017  000018         1       1  COMRAM  
                intcode                        000008  0000C8  0000D0         4       0  CODE    


UNUSED ADDRESS RANGES

        Name                Unused          Largest block    Delta
        BANK0            0080-00FF             80
        BANK1            0100-01FF            100
        BANK2            0200-02FF            100
        BANK3            0300-03FF            100
        BANK4            0400-04FF            100
        BANK5            0500-05FF            100
        BIGRAM           0018-05FF            5E8
        CODE             0006-0007              2
                         00D0-3000           2F31
        COMRAM           0018-007F             68
        CONFIG           300000-30000D              E
        CONST            0006-0007              2
                         00D0-3000           2F31
        EEDATA           F00000-F000FF            100
        IDLOC            200000-200007              8
        MEDIUMCONST      0600-3000           2A01
        RAM              0080-05FF            100
        SFR              0F80-0FFF             80
        SMALLCONST       0600-3000            100
        STACK            0080-05FF            580

                                  Symbol Table

_ADCON1                      (abs)        0FC1
_INTCONbits                  (abs)        0FF2
_PEIE                        (abs)        7F96
_PORTA                       (abs)        0F80
_PORTB                       (abs)        0F81
_PORTD                       (abs)        0F83
_PSA                         (abs)        7EAB
_T08BIT                      (abs)        7EAE
_T0CS                        (abs)        7EAD
_T0PS0                       (abs)        7EA8
_T0PS1                       (abs)        7EA9
_TMR0H                       (abs)        0FD7
_TMR0IE                      (abs)        7F95
_TMR0IF                      (abs)        7F92
_TMR0L                       (abs)        0FD6
_TMR0ON                      (abs)        7EAF
_TRISA                       (abs)        0F92
_TRISB                       (abs)        0F93
_TRISD                       (abs)        0F95
__HRAM                       (abs)        0000
__Habs1                      abs1         0000
__Hbank0                     bank0        0000
__Hbank1                     bank1        0000
__Hbank2                     bank2        0000
__Hbank3                     bank3        0000
__Hbank4                     bank4        0000
__Hbank5                     bank5        0000
__Hbigbss                    bigbss       0000
__Hbigdata                   bigdata      0000
__Hbigram                    bigram       0000
__Hbss                       bss          0000
__HbssCOMRAM                 bssCOMRAM    0000
__Hcinit                     cinit        0000
__Hclrtext                   clrtext      0000
__Hcomram                    comram       0000
__Hconfig                    config       0000
__Hconst                     const        0000
__HcstackCOMRAM              cstackCOMRAM 0000
__Hdata                      data         0000
__Heeprom_data               eeprom_data  0000
__Hend_init                  end_init     009C
__Hfarbss                    farbss       0000
__Hfardata                   fardata      0000
__Hibigdata                  ibigdata     0000
__Hidata                     idata        0000
__Hidloc                     idloc        0000
__Hifardata                  ifardata     0000
__Hinit                      init         0098
__Hintcode                   intcode      0098
__Hintcode_body              intcode_body 0000
__Hintcodelo                 intcodelo    0098
__Hintentry                  intentry     0000
__Hintret                    intret       0000
__Hintsave_regs              intsave_regs 0000
__Hirdata                    irdata       0000
__Hmediumconst               mediumconst  0000
__HnvFARRAM                  nvFARRAM     0000
__Hnvbit                     nvbit        0000
__Hnvrram                    nvrram       0000
__Hparam                     rparam       0000
__Hpowerup                   powerup      0098
__Hram                       ram          0000
__Hramtop                    ramtop       0600
__Hrbit                      rbit         0000
__Hrbss                      rbss         0000
__Hrdata                     rdata        0000
__Hreset_vec                 reset_vec    0006
__Hrparam                    rparam       0000
__Hsfr                       sfr          0000
__Hsmallconst                smallconst   0000
__Hspace_0                   (abs)        0600
__Hspace_1                   (abs)        0018
__Hspace_2                   (abs)        0000
__Hstack                     stack        0000
__Hstruct                    struct       0000
__Htemp                      temp         0018
__Htext                      text         0000
__Htext0                     text0        0000
__LRAM                       (abs)        0001
__Labs1                      abs1         0000
__Lbank0                     bank0        0000
__Lbank1                     bank1        0000
__Lbank2                     bank2        0000
__Lbank3                     bank3        0000
__Lbank4                     bank4        0000
__Lbank5                     bank5        0000
__Lbigbss                    bigbss       0000
__Lbigdata                   bigdata      0000
__Lbigram                    bigram       0000
__Lbss                       bss          0000
__LbssCOMRAM                 bssCOMRAM    0000
__Lcinit                     cinit        0000
__Lclrtext                   clrtext      0000
__Lcomram                    comram       0000
__Lconfig                    config       0000
__Lconst                     const        0000
__LcstackCOMRAM              cstackCOMRAM 0000
__Ldata                      data         0000
__Leeprom_data               eeprom_data  0000
__Lend_init                  end_init     0098
__Lfarbss                    farbss       0000
__Lfardata                   fardata      0000
__Libigdata                  ibigdata     0000
__Lidata                     idata        0000
__Lidloc                     idloc        0000
__Lifardata                  ifardata     0000
__Linit                      init         0098
__Lintcode                   intcode      0008
__Lintcode_body              intcode_body 0000
__Lintcodelo                 intcodelo    0098
__Lintentry                  intentry     0000
__Lintret                    intret       0000
__Lintsave_regs              intsave_regs 0000
__Lirdata                    irdata       0000
__Lmediumconst               mediumconst  0000
__LnvFARRAM                  nvFARRAM     0000
__Lnvbit                     nvbit        0000
__Lnvrram                    nvrram       0000
__Lparam                     rparam       0000
__Lpowerup                   powerup      0098
__Lram                       ram          0000
__Lramtop                    ramtop       0600
__Lrbit                      rbit         0000
__Lrbss                      rbss         0000
__Lrdata                     rdata        0000
__Lreset_vec                 reset_vec    0000
__Lrparam                    rparam       0000
__Lsfr                       sfr          0000
__Lsmallconst                smallconst   0000
__Lspace_0                   (abs)        0000
__Lspace_1                   (abs)        0000
__Lspace_2                   (abs)        0000
__Lstack                     stack        0000
__Lstruct                    struct       0000
__Ltemp                      temp         0017
__Ltext                      text         0000
__Ltext0                     text0        0000
__S0                         (abs)        00D0
__S1                         (abs)        0018
__S2                         (abs)        0000
___inthi_sp                  stack        0000
___intlo_sp                  stack        0000
___param_bank                (abs)        0010
___rparam_used               (abs)        0001
___sp                        stack        0000
__accesstop                  (abs)        0080
__activetblptr               (abs)        0000
__cntErrataNOP_pic18F452.obj (abs)        0006
__cntErrataNOP_startup.obj   (abs)        0001
__end_of__initialization     cinit        00C4
__end_of_main                text0        00B8
__end_of_timer0_isr          intcode      0096
__initialization             cinit        00B8
__mediumconst                mediumconst  0000
__pbssCOMRAM                 bssCOMRAM    000F
__pcinit                     cinit        00B8
__pcstackCOMRAM              cstackCOMRAM 0001
__pintcode                   intcode      0008
__ptext0                     text0        009C
__ramtop                     ramtop       0600
__size_of_main               (abs)        0000
__size_of_timer0_isr         (abs)        0000
__smallconst                 smallconst   0000
_count                       bssCOMRAM    000F
_hours                       bssCOMRAM    0011
_main                        text0        009C
_minutes                     bssCOMRAM    0013
_seconds                     bssCOMRAM    0015
_timer0_isr                  intcode      0008
btemp                        temp         0017
end_of_initialization        cinit        00C4
int$flags                    temp         0017
intlevel0                    text         00CE
intlevel1                    text         00CE
intlevel2                    text         00CE
intlevel3                    text         00CE
stackhi                      (abs)        05FF
stacklo                      (abs)        0080
start                        init         0098
start_initialization         cinit        00B8


FUNCTION INFORMATION:

 *************** function _main *****************
 Defined at:
		line 19 in file "main.c"
 Parameters:    Size  Location     Type
		None
 Auto vars:     Size  Location     Type
		None
 Return value:  Size  Location     Type
                  1    wreg      void 
 Registers used:
		wreg, status,2, status,0
 Tracked objects:
		On entry : 
		On exit  : 
		Unchanged: 
 Data sizes:     COMRAM   BANK0   BANK1   BANK2   BANK3   BANK4   BANK5
      Params:         0       0       0       0       0       0       0
      Locals:         0       0       0       0       0       0       0
      Temps:          0       0       0       0       0       0       0
      Totals:         0       0       0       0       0       0       0
Total ram usage:        0 bytes
 Hardware stack levels required when called:    1
 This function calls:
		Nothing
 This function is called by:
		Startup code after reset
 This function uses a non-reentrant model


 *************** function _timer0_isr *****************
 Defined at:
		line 5 in file "timer0_ISR.c"
 Parameters:    Size  Location     Type
		None
 Auto vars:     Size  Location     Type
		None
 Return value:  Size  Location     Type
                  1    wreg      void 
 Registers used:
		wreg, status,2, status,0
 Tracked objects:
		On entry : 
		On exit  : 
		Unchanged: 
 Data sizes:     COMRAM   BANK0   BANK1   BANK2   BANK3   BANK4   BANK5
      Params:         0       0       0       0       0       0       0
      Locals:         0       0       0       0       0       0       0
      Temps:         14       0       0       0       0       0       0
      Totals:        14       0       0       0       0       0       0
Total ram usage:       14 bytes
 Hardware stack levels used:    1
 This function calls:
		Nothing
 This function is called by:
		Interrupt level 2
 This function uses a non-reentrant model



MODULE INFORMATION

Module		Function		Class		Link	Load	Size
timer0_ISR.c
		_timer0_isr    		CODE           	0008	0000	143

timer0_ISR.c estimated size: 143

shared
		__initialization		CODE           	00B8	0000	13

shared estimated size: 13

main.c
		_main          		CODE           	009C	0000	29

main.c estimated size: 29

